2025-08-18 12:50:30Z	ERROR	Error loading feedback list :: System.InvalidOperationException: No connection string named 'FeedbackDb' could be found in the application config file.
   at System.Data.Entity.Internal.LazyInternalConnection.get_ConnectionHasModel()
   at System.Data.Entity.Internal.LazyInternalContext.InitializeContext()
   at System.Data.Entity.Internal.InternalContext.Initialize()
   at System.Data.Entity.Internal.InternalContext.GetEntitySetAndBaseTypeForType(Type entityType)
   at System.Data.Entity.Internal.Linq.InternalSet`1.Initialize()
   at System.Data.Entity.Internal.Linq.InternalSet`1.get_InternalContext()
   at System.Data.Entity.Infrastructure.DbQuery`1.System.Linq.IQueryable.get_Provider()
   at System.Linq.Queryable.OrderByDescending[TSource,TKey](IQueryable`1 source, Expression`1 keySelector)
   at FeedbackFormWebApp.Services.FeedbackRepository.GetAllOrdered() in D:\Programming\Webform\FeedbackFormWebApp\FeedbackFormWebApp\Services\FeedbackRepositry.cs:line 21
   at FeedbackFormWebApp.ViewFeedback.BindGrid() in D:\Programming\Webform\FeedbackFormWebApp\FeedbackFormWebApp\ViewFeedback.aspx.cs:line 20
2025-08-18 12:50:59Z	ERROR	Error saving feedback :: System.InvalidOperationException: No connection string named 'FeedbackDb' could be found in the application config file.
   at System.Data.Entity.Internal.LazyInternalConnection.get_ConnectionHasModel()
   at System.Data.Entity.Internal.LazyInternalContext.InitializeContext()
   at System.Data.Entity.Internal.InternalContext.Initialize()
   at System.Data.Entity.Internal.InternalContext.GetEntitySetAndBaseTypeForType(Type entityType)
   at System.Data.Entity.Internal.Linq.InternalSet`1.Initialize()
   at System.Data.Entity.Internal.Linq.InternalSet`1.get_InternalContext()
   at System.Data.Entity.Internal.Linq.InternalSet`1.ActOnSet(Action action, EntityState newState, Object entity, String methodName)
   at System.Data.Entity.Internal.Linq.InternalSet`1.Add(Object entity)
   at System.Data.Entity.DbSet`1.Add(TEntity entity)
   at FeedbackFormWebApp.Services.FeedbackRepository.Add(FeedbackEntry entry) in D:\Programming\Webform\FeedbackFormWebApp\FeedbackFormWebApp\Services\FeedbackRepositry.cs:line 13
   at FeedbackFormWebApp.Controls.FeedbackFormControl.BtnSubmit_Click(Object sender, EventArgs e) in D:\Programming\Webform\FeedbackFormWebApp\FeedbackFormWebApp\Controls\FeedbackFormControl.cs:line 319
2025-08-18 12:51:08Z	ERROR	Error saving feedback :: System.InvalidOperationException: No connection string named 'FeedbackDb' could be found in the application config file.
   at System.Data.Entity.Internal.LazyInternalConnection.get_ConnectionHasModel()
   at System.Data.Entity.Internal.LazyInternalContext.InitializeContext()
   at System.Data.Entity.Internal.InternalContext.Initialize()
   at System.Data.Entity.Internal.InternalContext.GetEntitySetAndBaseTypeForType(Type entityType)
   at System.Data.Entity.Internal.Linq.InternalSet`1.Initialize()
   at System.Data.Entity.Internal.Linq.InternalSet`1.get_InternalContext()
   at System.Data.Entity.Internal.Linq.InternalSet`1.ActOnSet(Action action, EntityState newState, Object entity, String methodName)
   at System.Data.Entity.Internal.Linq.InternalSet`1.Add(Object entity)
   at System.Data.Entity.DbSet`1.Add(TEntity entity)
   at FeedbackFormWebApp.Services.FeedbackRepository.Add(FeedbackEntry entry) in D:\Programming\Webform\FeedbackFormWebApp\FeedbackFormWebApp\Services\FeedbackRepositry.cs:line 13
   at FeedbackFormWebApp.Controls.FeedbackFormControl.BtnSubmit_Click(Object sender, EventArgs e) in D:\Programming\Webform\FeedbackFormWebApp\FeedbackFormWebApp\Controls\FeedbackFormControl.cs:line 319
2025-08-18 13:54:32Z	INFO	Feedback saved: messi@gmail.com / Complaint
2025-08-18 18:36:15Z	INFO	Feedback saved: ronaldo@gmail.com / Suggestion
2025-08-18 18:37:02Z	INFO	Feedback saved: Deepankar@bhavnacorp.com / Complaint
2025-08-18 18:39:24Z	INFO	Feedback saved: anshu@gmail.com / Other
2025-08-18 18:41:05Z	INFO	Feedback saved: modi@gmail.com / Suggestion
2025-08-18 18:42:03Z	INFO	Feedback saved: virat@gmail.com / Bug
2025-08-21 06:45:49Z	INFO	Feedback saved: abhinav@gmail.com / Complaint
2025-08-21 09:17:25Z	INFO	Feedback saved: ronaldo@gmail.com / Bug
2025-08-21 09:18:12Z	INFO	Feedback saved: Deepankar@bhavnacorp.com / Suggestion
2025-08-21 09:52:21Z	INFO	Feedback saved: messi@gmail.com / Complaint
2025-08-21 18:20:42Z	INFO	Feedback saved: neymar@gmail.com / Suggestion
[2025-08-21 19:48:01 UTC] [ERROR] Unhandled application error :: Exception: Unable to update database to match the current model because there are pending changes and automatic migration is disabled. Either write the pending model changes to a code-based migration or enable automatic migration. Set DbMigrationsConfiguration.AutomaticMigrationsEnabled to true to enable automatic migration. :: Stack Trace:    at System.Data.Entity.Migrations.DbMigrator.Upgrade(IEnumerable`1 pendingMigrations, String targetMigrationId, String lastMigrationId)
   at System.Data.Entity.Migrations.DbMigrator.UpdateInternal(String targetMigration)
   at System.Data.Entity.Migrations.DbMigrator.EnsureDatabaseExists(Action mustSucceedToKeepDatabase)
   at System.Data.Entity.Migrations.DbMigrator.Update(String targetMigration)
   at System.Data.Entity.Internal.DatabaseCreator.CreateDatabase(InternalContext internalContext, Func`3 createMigrator, ObjectContext objectContext)
   at System.Data.Entity.Database.Create(DatabaseExistenceState existenceState)
   at System.Data.Entity.CreateDatabaseIfNotExists`1.InitializeDatabase(TContext context)
   at System.Data.Entity.Internal.InternalContext.PerformInitializationAction(Action action)
   at System.Data.Entity.Internal.InternalContext.PerformDatabaseInitialization()
   at System.Data.Entity.Internal.RetryAction`1.PerformAction(TInput input)
   at System.Data.Entity.Internal.LazyInternalContext.InitializeDatabaseAction(Action`1 action)
   at FeedbackFormWebApp.Global.Application_Start() in D:\Programming\Webform\FeedbackFormWebApp\FeedbackFormWebApp\Global.asax.cs:line 18
[2025-08-21 19:49:22 UTC] [ERROR] Error loading feedback list :: Exception: The model backing the 'FeedbackDbContext' context has changed since the database was created. Consider using Code First Migrations to update the database (http://go.microsoft.com/fwlink/?LinkId=238269). :: Stack Trace:    at System.Data.Entity.CreateDatabaseIfNotExists`1.InitializeDatabase(TContext context)
   at System.Data.Entity.Internal.InternalContext.PerformInitializationAction(Action action)
   at System.Data.Entity.Internal.InternalContext.PerformDatabaseInitialization()
   at System.Data.Entity.Internal.RetryAction`1.PerformAction(TInput input)
   at System.Data.Entity.Internal.LazyInternalContext.InitializeDatabaseAction(Action`1 action)
   at System.Data.Entity.Internal.InternalContext.GetEntitySetAndBaseTypeForType(Type entityType)
   at System.Data.Entity.Internal.Linq.InternalSet`1.Initialize()
   at System.Data.Entity.Internal.Linq.InternalSet`1.get_InternalContext()
   at System.Data.Entity.Infrastructure.DbQuery`1.System.Linq.IQueryable.get_Provider()
   at System.Linq.Queryable.OrderByDescending[TSource,TKey](IQueryable`1 source, Expression`1 keySelector)
   at FeedbackFormWebApp.Services.FeedbackRepository.ApplySorting(IQueryable`1 query, String sortField, String sortDirection) in D:\Programming\Webform\FeedbackFormWebApp\FeedbackFormWebApp\Services\FeedbackRepositry.cs:line 81
   at FeedbackFormWebApp.Services.FeedbackRepository.GetPagedFeedback(Int32 pageNumber, Int32 pageSize, String sortField, String sortDirection) in D:\Programming\Webform\FeedbackFormWebApp\FeedbackFormWebApp\Services\FeedbackRepositry.cs:line 38
   at FeedbackFormWebApp.ViewFeedback.BindGrid() in D:\Programming\Webform\FeedbackFormWebApp\FeedbackFormWebApp\ViewFeedback.aspx.cs:line 35
[2025-08-21 19:49:53 UTC] [ERROR] Error saving feedback to database :: Exception: The model backing the 'FeedbackDbContext' context has changed since the database was created. Consider using Code First Migrations to update the database (http://go.microsoft.com/fwlink/?LinkId=238269). :: Stack Trace:    at System.Data.Entity.CreateDatabaseIfNotExists`1.InitializeDatabase(TContext context)
   at System.Data.Entity.Internal.InternalContext.PerformInitializationAction(Action action)
   at System.Data.Entity.Internal.InternalContext.PerformDatabaseInitialization()
   at System.Data.Entity.Internal.RetryAction`1.PerformAction(TInput input)
   at System.Data.Entity.Internal.LazyInternalContext.InitializeDatabaseAction(Action`1 action)
   at System.Data.Entity.Internal.InternalContext.GetEntitySetAndBaseTypeForType(Type entityType)
   at System.Data.Entity.Internal.Linq.InternalSet`1.Initialize()
   at System.Data.Entity.Internal.Linq.InternalSet`1.get_InternalContext()
   at System.Data.Entity.Internal.Linq.InternalSet`1.ActOnSet(Action action, EntityState newState, Object entity, String methodName)
   at System.Data.Entity.Internal.Linq.InternalSet`1.Add(Object entity)
   at System.Data.Entity.DbSet`1.Add(TEntity entity)
   at FeedbackFormWebApp.Services.FeedbackRepository.Add(Feedback entry) in D:\Programming\Webform\FeedbackFormWebApp\FeedbackFormWebApp\Services\FeedbackRepositry.cs:line 16
   at FeedbackFormWebApp.Controls.FeedbackFormControl.BtnSubmit_Click(Object sender, EventArgs e) in D:\Programming\Webform\FeedbackFormWebApp\FeedbackFormWebApp\Controls\FeedbackFormControl.cs:line 441
[2025-08-21 19:50:02 UTC] [ERROR] Error saving feedback to database :: Exception: The model backing the 'FeedbackDbContext' context has changed since the database was created. Consider using Code First Migrations to update the database (http://go.microsoft.com/fwlink/?LinkId=238269). :: Stack Trace:    at System.Data.Entity.CreateDatabaseIfNotExists`1.InitializeDatabase(TContext context)
   at System.Data.Entity.Internal.InternalContext.PerformInitializationAction(Action action)
   at System.Data.Entity.Internal.InternalContext.PerformDatabaseInitialization()
   at System.Data.Entity.Internal.RetryAction`1.PerformAction(TInput input)
   at System.Data.Entity.Internal.LazyInternalContext.InitializeDatabaseAction(Action`1 action)
   at System.Data.Entity.Internal.InternalContext.GetEntitySetAndBaseTypeForType(Type entityType)
   at System.Data.Entity.Internal.Linq.InternalSet`1.Initialize()
   at System.Data.Entity.Internal.Linq.InternalSet`1.get_InternalContext()
   at System.Data.Entity.Internal.Linq.InternalSet`1.ActOnSet(Action action, EntityState newState, Object entity, String methodName)
   at System.Data.Entity.Internal.Linq.InternalSet`1.Add(Object entity)
   at System.Data.Entity.DbSet`1.Add(TEntity entity)
   at FeedbackFormWebApp.Services.FeedbackRepository.Add(Feedback entry) in D:\Programming\Webform\FeedbackFormWebApp\FeedbackFormWebApp\Services\FeedbackRepositry.cs:line 16
   at FeedbackFormWebApp.Controls.FeedbackFormControl.BtnSubmit_Click(Object sender, EventArgs e) in D:\Programming\Webform\FeedbackFormWebApp\FeedbackFormWebApp\Controls\FeedbackFormControl.cs:line 441
[2025-08-21 19:50:16 UTC] [ERROR] Error saving feedback to database :: Exception: The model backing the 'FeedbackDbContext' context has changed since the database was created. Consider using Code First Migrations to update the database (http://go.microsoft.com/fwlink/?LinkId=238269). :: Stack Trace:    at System.Data.Entity.CreateDatabaseIfNotExists`1.InitializeDatabase(TContext context)
   at System.Data.Entity.Internal.InternalContext.PerformInitializationAction(Action action)
   at System.Data.Entity.Internal.InternalContext.PerformDatabaseInitialization()
   at System.Data.Entity.Internal.RetryAction`1.PerformAction(TInput input)
   at System.Data.Entity.Internal.LazyInternalContext.InitializeDatabaseAction(Action`1 action)
   at System.Data.Entity.Internal.InternalContext.GetEntitySetAndBaseTypeForType(Type entityType)
   at System.Data.Entity.Internal.Linq.InternalSet`1.Initialize()
   at System.Data.Entity.Internal.Linq.InternalSet`1.get_InternalContext()
   at System.Data.Entity.Internal.Linq.InternalSet`1.ActOnSet(Action action, EntityState newState, Object entity, String methodName)
   at System.Data.Entity.Internal.Linq.InternalSet`1.Add(Object entity)
   at System.Data.Entity.DbSet`1.Add(TEntity entity)
   at FeedbackFormWebApp.Services.FeedbackRepository.Add(Feedback entry) in D:\Programming\Webform\FeedbackFormWebApp\FeedbackFormWebApp\Services\FeedbackRepositry.cs:line 16
   at FeedbackFormWebApp.Controls.FeedbackFormControl.BtnSubmit_Click(Object sender, EventArgs e) in D:\Programming\Webform\FeedbackFormWebApp\FeedbackFormWebApp\Controls\FeedbackFormControl.cs:line 441
[2025-08-21 19:50:17 UTC] [ERROR] Error saving feedback to database :: Exception: The model backing the 'FeedbackDbContext' context has changed since the database was created. Consider using Code First Migrations to update the database (http://go.microsoft.com/fwlink/?LinkId=238269). :: Stack Trace:    at System.Data.Entity.CreateDatabaseIfNotExists`1.InitializeDatabase(TContext context)
   at System.Data.Entity.Internal.InternalContext.PerformInitializationAction(Action action)
   at System.Data.Entity.Internal.InternalContext.PerformDatabaseInitialization()
   at System.Data.Entity.Internal.RetryAction`1.PerformAction(TInput input)
   at System.Data.Entity.Internal.LazyInternalContext.InitializeDatabaseAction(Action`1 action)
   at System.Data.Entity.Internal.InternalContext.GetEntitySetAndBaseTypeForType(Type entityType)
   at System.Data.Entity.Internal.Linq.InternalSet`1.Initialize()
   at System.Data.Entity.Internal.Linq.InternalSet`1.get_InternalContext()
   at System.Data.Entity.Internal.Linq.InternalSet`1.ActOnSet(Action action, EntityState newState, Object entity, String methodName)
   at System.Data.Entity.Internal.Linq.InternalSet`1.Add(Object entity)
   at System.Data.Entity.DbSet`1.Add(TEntity entity)
   at FeedbackFormWebApp.Services.FeedbackRepository.Add(Feedback entry) in D:\Programming\Webform\FeedbackFormWebApp\FeedbackFormWebApp\Services\FeedbackRepositry.cs:line 16
   at FeedbackFormWebApp.Controls.FeedbackFormControl.BtnSubmit_Click(Object sender, EventArgs e) in D:\Programming\Webform\FeedbackFormWebApp\FeedbackFormWebApp\Controls\FeedbackFormControl.cs:line 441
[2025-08-21 19:50:19 UTC] [ERROR] Error saving feedback to database :: Exception: The model backing the 'FeedbackDbContext' context has changed since the database was created. Consider using Code First Migrations to update the database (http://go.microsoft.com/fwlink/?LinkId=238269). :: Stack Trace:    at System.Data.Entity.CreateDatabaseIfNotExists`1.InitializeDatabase(TContext context)
   at System.Data.Entity.Internal.InternalContext.PerformInitializationAction(Action action)
   at System.Data.Entity.Internal.InternalContext.PerformDatabaseInitialization()
   at System.Data.Entity.Internal.RetryAction`1.PerformAction(TInput input)
   at System.Data.Entity.Internal.LazyInternalContext.InitializeDatabaseAction(Action`1 action)
   at System.Data.Entity.Internal.InternalContext.GetEntitySetAndBaseTypeForType(Type entityType)
   at System.Data.Entity.Internal.Linq.InternalSet`1.Initialize()
   at System.Data.Entity.Internal.Linq.InternalSet`1.get_InternalContext()
   at System.Data.Entity.Internal.Linq.InternalSet`1.ActOnSet(Action action, EntityState newState, Object entity, String methodName)
   at System.Data.Entity.Internal.Linq.InternalSet`1.Add(Object entity)
   at System.Data.Entity.DbSet`1.Add(TEntity entity)
   at FeedbackFormWebApp.Services.FeedbackRepository.Add(Feedback entry) in D:\Programming\Webform\FeedbackFormWebApp\FeedbackFormWebApp\Services\FeedbackRepositry.cs:line 16
   at FeedbackFormWebApp.Controls.FeedbackFormControl.BtnSubmit_Click(Object sender, EventArgs e) in D:\Programming\Webform\FeedbackFormWebApp\FeedbackFormWebApp\Controls\FeedbackFormControl.cs:line 441
[2025-08-21 19:52:00 UTC] [ERROR] Error loading feedback list :: Exception: Unable to update database to match the current model because there are pending changes and automatic migration is disabled. Either write the pending model changes to a code-based migration or enable automatic migration. Set DbMigrationsConfiguration.AutomaticMigrationsEnabled to true to enable automatic migration. :: Stack Trace:    at System.Data.Entity.Migrations.DbMigrator.Upgrade(IEnumerable`1 pendingMigrations, String targetMigrationId, String lastMigrationId)
   at System.Data.Entity.Migrations.DbMigrator.UpdateInternal(String targetMigration)
   at System.Data.Entity.Migrations.DbMigrator.EnsureDatabaseExists(Action mustSucceedToKeepDatabase)
   at System.Data.Entity.Migrations.DbMigrator.Update(String targetMigration)
   at System.Data.Entity.Internal.DatabaseCreator.CreateDatabase(InternalContext internalContext, Func`3 createMigrator, ObjectContext objectContext)
   at System.Data.Entity.Database.Create(DatabaseExistenceState existenceState)
   at System.Data.Entity.CreateDatabaseIfNotExists`1.InitializeDatabase(TContext context)
   at System.Data.Entity.Internal.InternalContext.PerformInitializationAction(Action action)
   at System.Data.Entity.Internal.InternalContext.PerformDatabaseInitialization()
   at System.Data.Entity.Internal.RetryAction`1.PerformAction(TInput input)
   at System.Data.Entity.Internal.LazyInternalContext.InitializeDatabaseAction(Action`1 action)
   at System.Data.Entity.Internal.InternalContext.GetEntitySetAndBaseTypeForType(Type entityType)
   at System.Data.Entity.Internal.Linq.InternalSet`1.Initialize()
   at System.Data.Entity.Internal.Linq.InternalSet`1.get_InternalContext()
   at System.Data.Entity.Infrastructure.DbQuery`1.System.Linq.IQueryable.get_Provider()
   at System.Linq.Queryable.OrderByDescending[TSource,TKey](IQueryable`1 source, Expression`1 keySelector)
   at FeedbackFormWebApp.Services.FeedbackRepository.ApplySorting(IQueryable`1 query, String sortField, String sortDirection) in D:\Programming\Webform\FeedbackFormWebApp\FeedbackFormWebApp\Services\FeedbackRepositry.cs:line 81
   at FeedbackFormWebApp.Services.FeedbackRepository.GetPagedFeedback(Int32 pageNumber, Int32 pageSize, String sortField, String sortDirection) in D:\Programming\Webform\FeedbackFormWebApp\FeedbackFormWebApp\Services\FeedbackRepositry.cs:line 38
   at FeedbackFormWebApp.ViewFeedback.BindGrid() in D:\Programming\Webform\FeedbackFormWebApp\FeedbackFormWebApp\ViewFeedback.aspx.cs:line 35
[2025-08-21 19:52:20 UTC] [ERROR] Error saving feedback to database :: Exception: The model backing the 'FeedbackDbContext' context has changed since the database was created. Consider using Code First Migrations to update the database (http://go.microsoft.com/fwlink/?LinkId=238269). :: Stack Trace:    at System.Data.Entity.CreateDatabaseIfNotExists`1.InitializeDatabase(TContext context)
   at System.Data.Entity.Internal.InternalContext.PerformInitializationAction(Action action)
   at System.Data.Entity.Internal.InternalContext.PerformDatabaseInitialization()
   at System.Data.Entity.Internal.RetryAction`1.PerformAction(TInput input)
   at System.Data.Entity.Internal.LazyInternalContext.InitializeDatabaseAction(Action`1 action)
   at System.Data.Entity.Internal.InternalContext.GetEntitySetAndBaseTypeForType(Type entityType)
   at System.Data.Entity.Internal.Linq.InternalSet`1.Initialize()
   at System.Data.Entity.Internal.Linq.InternalSet`1.get_InternalContext()
   at System.Data.Entity.Internal.Linq.InternalSet`1.ActOnSet(Action action, EntityState newState, Object entity, String methodName)
   at System.Data.Entity.Internal.Linq.InternalSet`1.Add(Object entity)
   at System.Data.Entity.DbSet`1.Add(TEntity entity)
   at FeedbackFormWebApp.Services.FeedbackRepository.Add(Feedback entry) in D:\Programming\Webform\FeedbackFormWebApp\FeedbackFormWebApp\Services\FeedbackRepositry.cs:line 16
   at FeedbackFormWebApp.Controls.FeedbackFormControl.BtnSubmit_Click(Object sender, EventArgs e) in D:\Programming\Webform\FeedbackFormWebApp\FeedbackFormWebApp\Controls\FeedbackFormControl.cs:line 441
[2025-08-21 19:52:23 UTC] [ERROR] Error loading feedback list :: Exception: The model backing the 'FeedbackDbContext' context has changed since the database was created. Consider using Code First Migrations to update the database (http://go.microsoft.com/fwlink/?LinkId=238269). :: Stack Trace:    at System.Data.Entity.CreateDatabaseIfNotExists`1.InitializeDatabase(TContext context)
   at System.Data.Entity.Internal.InternalContext.PerformInitializationAction(Action action)
   at System.Data.Entity.Internal.InternalContext.PerformDatabaseInitialization()
   at System.Data.Entity.Internal.RetryAction`1.PerformAction(TInput input)
   at System.Data.Entity.Internal.LazyInternalContext.InitializeDatabaseAction(Action`1 action)
   at System.Data.Entity.Internal.InternalContext.GetEntitySetAndBaseTypeForType(Type entityType)
   at System.Data.Entity.Internal.Linq.InternalSet`1.Initialize()
   at System.Data.Entity.Internal.Linq.InternalSet`1.get_InternalContext()
   at System.Data.Entity.Infrastructure.DbQuery`1.System.Linq.IQueryable.get_Provider()
   at System.Linq.Queryable.OrderByDescending[TSource,TKey](IQueryable`1 source, Expression`1 keySelector)
   at FeedbackFormWebApp.Services.FeedbackRepository.ApplySorting(IQueryable`1 query, String sortField, String sortDirection) in D:\Programming\Webform\FeedbackFormWebApp\FeedbackFormWebApp\Services\FeedbackRepositry.cs:line 81
   at FeedbackFormWebApp.Services.FeedbackRepository.GetPagedFeedback(Int32 pageNumber, Int32 pageSize, String sortField, String sortDirection) in D:\Programming\Webform\FeedbackFormWebApp\FeedbackFormWebApp\Services\FeedbackRepositry.cs:line 38
   at FeedbackFormWebApp.ViewFeedback.BindGrid() in D:\Programming\Webform\FeedbackFormWebApp\FeedbackFormWebApp\ViewFeedback.aspx.cs:line 35
[2025-08-21 19:52:43 UTC] [ERROR] Error loading feedback list :: Exception: The model backing the 'FeedbackDbContext' context has changed since the database was created. Consider using Code First Migrations to update the database (http://go.microsoft.com/fwlink/?LinkId=238269). :: Stack Trace:    at System.Data.Entity.CreateDatabaseIfNotExists`1.InitializeDatabase(TContext context)
   at System.Data.Entity.Internal.InternalContext.PerformInitializationAction(Action action)
   at System.Data.Entity.Internal.InternalContext.PerformDatabaseInitialization()
   at System.Data.Entity.Internal.RetryAction`1.PerformAction(TInput input)
   at System.Data.Entity.Internal.LazyInternalContext.InitializeDatabaseAction(Action`1 action)
   at System.Data.Entity.Internal.InternalContext.GetEntitySetAndBaseTypeForType(Type entityType)
   at System.Data.Entity.Internal.Linq.InternalSet`1.Initialize()
   at System.Data.Entity.Internal.Linq.InternalSet`1.get_InternalContext()
   at System.Data.Entity.Infrastructure.DbQuery`1.System.Linq.IQueryable.get_Provider()
   at System.Linq.Queryable.OrderByDescending[TSource,TKey](IQueryable`1 source, Expression`1 keySelector)
   at FeedbackFormWebApp.Services.FeedbackRepository.ApplySorting(IQueryable`1 query, String sortField, String sortDirection) in D:\Programming\Webform\FeedbackFormWebApp\FeedbackFormWebApp\Services\FeedbackRepositry.cs:line 81
   at FeedbackFormWebApp.Services.FeedbackRepository.GetPagedFeedback(Int32 pageNumber, Int32 pageSize, String sortField, String sortDirection) in D:\Programming\Webform\FeedbackFormWebApp\FeedbackFormWebApp\Services\FeedbackRepositry.cs:line 38
   at FeedbackFormWebApp.ViewFeedback.BindGrid() in D:\Programming\Webform\FeedbackFormWebApp\FeedbackFormWebApp\ViewFeedback.aspx.cs:line 35
[2025-08-21 19:53:22 UTC] [ERROR] Error loading feedback list :: Exception: The model backing the 'FeedbackDbContext' context has changed since the database was created. Consider using Code First Migrations to update the database (http://go.microsoft.com/fwlink/?LinkId=238269). :: Stack Trace:    at System.Data.Entity.CreateDatabaseIfNotExists`1.InitializeDatabase(TContext context)
   at System.Data.Entity.Internal.InternalContext.PerformInitializationAction(Action action)
   at System.Data.Entity.Internal.InternalContext.PerformDatabaseInitialization()
   at System.Data.Entity.Internal.RetryAction`1.PerformAction(TInput input)
   at System.Data.Entity.Internal.LazyInternalContext.InitializeDatabaseAction(Action`1 action)
   at System.Data.Entity.Internal.InternalContext.GetEntitySetAndBaseTypeForType(Type entityType)
   at System.Data.Entity.Internal.Linq.InternalSet`1.Initialize()
   at System.Data.Entity.Internal.Linq.InternalSet`1.get_InternalContext()
   at System.Data.Entity.Infrastructure.DbQuery`1.System.Linq.IQueryable.get_Provider()
   at System.Linq.Queryable.OrderByDescending[TSource,TKey](IQueryable`1 source, Expression`1 keySelector)
   at FeedbackFormWebApp.Services.FeedbackRepository.ApplySorting(IQueryable`1 query, String sortField, String sortDirection) in D:\Programming\Webform\FeedbackFormWebApp\FeedbackFormWebApp\Services\FeedbackRepositry.cs:line 81
   at FeedbackFormWebApp.Services.FeedbackRepository.GetPagedFeedback(Int32 pageNumber, Int32 pageSize, String sortField, String sortDirection) in D:\Programming\Webform\FeedbackFormWebApp\FeedbackFormWebApp\Services\FeedbackRepositry.cs:line 38
   at FeedbackFormWebApp.ViewFeedback.BindGrid() in D:\Programming\Webform\FeedbackFormWebApp\FeedbackFormWebApp\ViewFeedback.aspx.cs:line 35
[2025-08-21 19:57:41 UTC] [INFO] Feedback submitted successfully - Email: ronaldo@gmail.com, Category: Suggestion
[2025-08-21 19:57:41 UTC] [INFO] Feedback submitted - Name: Ronaldo, Email: ronaldo@gmail.com, Category: Suggestion
[2025-08-22 06:56:30 UTC] [INFO] Feedback submitted successfully - Email: max@gmail.com, Category: Complaint
[2025-08-22 06:56:30 UTC] [INFO] Feedback submitted - Name: Max, Email: max@gmail.com, Category: Complaint
[2025-08-22 07:19:44 UTC] [INFO] Feedback submitted successfully - Email: ram@gmail.com, Category: Bug
[2025-08-22 07:19:44 UTC] [INFO] Feedback submitted - Name: Ram, Email: ram@gmail.com, Category: Bug
[2025-08-22 07:29:34 UTC] [INFO] Feedback submitted successfully - Email: aayush@gmail.com, Category: Suggestion
[2025-08-22 07:29:34 UTC] [INFO] Feedback submitted - Name: Aayush, Email: aayush@gmail.com, Category: Suggestion
[2025-08-22 07:38:43 UTC] [INFO] Feedback submitted successfully - Email: varun123@gmail.com, Category: Complaint
[2025-08-22 07:38:43 UTC] [INFO] Feedback submitted - Name: Varun, Email: varun123@gmail.com, Category: Complaint
[2025-08-22 07:48:58 UTC] [INFO] Feedback submitted successfully - Email: aryan@gmail.com, Category: Suggestion
[2025-08-22 07:48:58 UTC] [INFO] Feedback submitted - Name: Aryan Jain, Email: aryan@gmail.com, Category: Suggestion
[2025-08-25 06:06:57 UTC] [INFO] Feedback submitted successfully - Email: r@gmail.com, Category: Suggestion
[2025-08-25 06:07:02 UTC] [INFO] Feedback submitted - Name: ronit, Email: r@gmail.com, Category: Suggestion
[2025-08-25 06:33:36 UTC] [ERROR] Error loading feedback list :: Exception: Thread was being aborted. :: Stack Trace:    at FeedbackFormWebApp.Services.FeedbackRepository.GetPagedFeedback(Int32 pageNumber, Int32 pageSize, String sortField, String sortDirection)
   at FeedbackFormWebApp.ViewFeedback.BindGrid()
[2025-08-27 09:34:00 UTC] [INFO] Feedback submitted successfully - Email: yash@gmail.com, Category: Suggestion
[2025-08-27 09:34:00 UTC] [INFO] Feedback submitted - Name: Yash, Email: yash@gmail.com, Category: Suggestion
[2025-08-29 05:29:22 UTC] [INFO] Feedback submitted successfully - Email: dhhairya@gmail.com, Category: Bug
[2025-08-29 05:29:22 UTC] [INFO] Feedback submitted - Name: Dhhairya, Email: dhhairya@gmail.com, Category: Bug
[2025-08-29 11:04:29 UTC] [INFO] Feedback updated successfully - ID: 1012, Email: dhhairya@gmail.com
[2025-08-29 11:04:48 UTC] [INFO] Feedback updated successfully - ID: 1012, Email: dhhairya@gmail.com
[2025-08-29 11:05:32 UTC] [INFO] Feedback deleted successfully - ID: 1010
[2025-08-29 11:06:35 UTC] [INFO] Feedback submitted successfully - Email: utkarsh@gmail.com, Category: Bug
[2025-08-29 11:06:35 UTC] [INFO] Feedback submitted - Name: Utkarsh, Email: utkarsh@gmail.com, Category: Bug
[2025-08-29 11:07:01 UTC] [INFO] Feedback updated successfully - ID: 1013, Email: utkarsh@gmail.com
[2025-08-29 11:08:03 UTC] [INFO] Feedback deleted successfully - ID: 1003
[2025-08-29 11:09:10 UTC] [INFO] Feedback deleted successfully - ID: 1004
[2025-08-29 11:10:24 UTC] [INFO] Feedback updated successfully - ID: 1, Email: messi@gmail.com
[2025-08-29 11:40:18 UTC] [INFO] Feedback updated successfully - ID: 1013, Email: utkarsh@gmail.com
[2025-08-29 11:49:27 UTC] [INFO] Feedback submitted successfully - Email: niti@gmail.com, Category: Bug
[2025-08-29 11:49:27 UTC] [INFO] Feedback submitted - Name: Niti, Email: niti@gmail.com, Category: Bug
[2025-09-03 05:56:27 UTC] [INFO] Feedback submitted successfully - Email: Deepankar@bhavnacorp.com, Category: Bug
[2025-09-03 05:56:27 UTC] [INFO] Feedback submitted - Name: Deepankar, Email: Deepankar@bhavnacorp.com, Category: Bug
[2025-09-03 05:57:10 UTC] [INFO] Feedback submitted successfully - Email: r@gmail.com, Category: Complaint
[2025-09-03 05:57:10 UTC] [INFO] Feedback submitted - Name: Ronaldo, Email: r@gmail.com, Category: Complaint
[2025-09-03 07:37:07 UTC] [INFO] New user registered: Deepankar@bhavnacorp.com (User)
[2025-09-03 07:37:07 UTC] [ERROR] Error during user registration :: Exception: Thread was being aborted. :: Stack Trace:    at System.Threading.Thread.AbortInternal()
   at System.Threading.Thread.Abort(Object stateInfo)
   at System.Web.HttpResponse.AbortCurrentThread()
   at System.Web.HttpResponse.Redirect(String url, Boolean endResponse, Boolean permanent)
   at FeedbackFormWebApp.Register.btnRegister_Click(Object sender, EventArgs e) in D:\Programming\Webform\FeedbackFormWebApp\FeedbackFormWebApp\Register.aspx.cs:line 65
[2025-09-03 07:37:44 UTC] [INFO] Feedback submitted successfully - Email: Deepankar@bhavnacorp.com, Category: Suggestion
[2025-09-03 07:37:44 UTC] [INFO] Feedback submitted - Name: Deepankar, Email: Deepankar@bhavnacorp.com, Category: Suggestion
[2025-09-03 07:37:59 UTC] [INFO] Feedback updated successfully - ID: 1, Email: Deepankar@bhavnacorp.com
[2025-09-03 07:38:19 UTC] [INFO] Feedback updated successfully - ID: 1, Email: Deepankar@bhavnacorp.com
[2025-09-03 07:39:09 UTC] [INFO] Feedback submitted successfully - Email: Deepankar@bhavnacorp.com, Category: Bug
[2025-09-03 07:39:09 UTC] [INFO] Feedback submitted - Name: Deepankar, Email: Deepankar@bhavnacorp.com, Category: Bug
[2025-09-03 07:42:17 UTC] [INFO] New user registered: admin@example.com (Admin)
[2025-09-03 07:42:17 UTC] [ERROR] Error during user registration :: Exception: Thread was being aborted. :: Stack Trace:    at System.Threading.Thread.AbortInternal()
   at System.Threading.Thread.Abort(Object stateInfo)
   at System.Web.HttpResponse.AbortCurrentThread()
   at System.Web.HttpResponse.Redirect(String url, Boolean endResponse, Boolean permanent)
   at FeedbackFormWebApp.Register.btnRegister_Click(Object sender, EventArgs e) in D:\Programming\Webform\FeedbackFormWebApp\FeedbackFormWebApp\Register.aspx.cs:line 61
[2025-09-03 07:42:57 UTC] [INFO] Feedback updated successfully - ID: 2, Email: Deepankar@bhavnacorp.com
[2025-09-03 07:44:25 UTC] [INFO] Feedback submitted successfully - Email: admin@example.com, Category: Complaint
[2025-09-03 07:44:25 UTC] [INFO] Feedback submitted - Name: Admin, Email: admin@example.com, Category: Complaint
[2025-09-03 07:44:58 UTC] [INFO] Feedback updated successfully - ID: 3, Email: admin@example.com
[2025-09-03 07:47:21 UTC] [INFO] User logged in successfully: admin@example.com (Admin)
[2025-09-03 07:47:22 UTC] [ERROR] Error during login :: Exception: Thread was being aborted. :: Stack Trace:    at System.Threading.Thread.AbortInternal()
   at System.Threading.Thread.Abort(Object stateInfo)
   at System.Web.HttpResponse.AbortCurrentThread()
   at System.Web.HttpResponse.Redirect(String url, Boolean endResponse, Boolean permanent)
   at FeedbackFormWebApp.Login.btnLogin_Click(Object sender, EventArgs e) in D:\Programming\Webform\FeedbackFormWebApp\FeedbackFormWebApp\Login.aspx.cs:line 44
[2025-09-03 07:47:26 UTC] [INFO] User logged out: admin@example.com
[2025-09-03 07:48:01 UTC] [INFO] User logged in successfully: admin@example.com (Admin)
[2025-09-03 07:48:01 UTC] [ERROR] Error during login :: Exception: Thread was being aborted. :: Stack Trace:    at System.Threading.Thread.AbortInternal()
   at System.Threading.Thread.Abort(Object stateInfo)
   at System.Web.HttpResponse.AbortCurrentThread()
   at System.Web.HttpResponse.Redirect(String url, Boolean endResponse, Boolean permanent)
   at FeedbackFormWebApp.Login.btnLogin_Click(Object sender, EventArgs e) in D:\Programming\Webform\FeedbackFormWebApp\FeedbackFormWebApp\Login.aspx.cs:line 44
[2025-09-03 07:48:04 UTC] [INFO] User logged out: admin@example.com
[2025-09-03 07:48:08 UTC] [INFO] User logged in successfully: Deepankar@bhavnacorp.com (User)
[2025-09-03 07:48:08 UTC] [ERROR] Error during login :: Exception: Thread was being aborted. :: Stack Trace:    at System.Threading.Thread.AbortInternal()
   at System.Threading.Thread.Abort(Object stateInfo)
   at System.Web.HttpResponse.AbortCurrentThread()
   at System.Web.HttpResponse.Redirect(String url, Boolean endResponse, Boolean permanent)
   at FeedbackFormWebApp.Login.btnLogin_Click(Object sender, EventArgs e) in D:\Programming\Webform\FeedbackFormWebApp\FeedbackFormWebApp\Login.aspx.cs:line 48
[2025-09-03 07:48:36 UTC] [INFO] User logged out: Deepankar@bhavnacorp.com
[2025-09-03 07:48:43 UTC] [INFO] User logged in successfully: Deepankar@bhavnacorp.com (User)
[2025-09-03 07:48:43 UTC] [ERROR] Error during login :: Exception: Thread was being aborted. :: Stack Trace:    at System.Threading.Thread.AbortInternal()
   at System.Threading.Thread.Abort(Object stateInfo)
   at System.Web.HttpResponse.AbortCurrentThread()
   at System.Web.HttpResponse.Redirect(String url, Boolean endResponse, Boolean permanent)
   at FeedbackFormWebApp.Login.btnLogin_Click(Object sender, EventArgs e) in D:\Programming\Webform\FeedbackFormWebApp\FeedbackFormWebApp\Login.aspx.cs:line 48
[2025-09-03 07:48:57 UTC] [INFO] Feedback updated successfully - ID: 2, Email: Deepankar@bhavnacorp.com
[2025-09-03 07:49:55 UTC] [INFO] Feedback submitted successfully - Email: Deepankar@bhavnacorp.com, Category: Suggestion
[2025-09-03 07:49:55 UTC] [INFO] Feedback submitted - Name: Deepankar, Email: Deepankar@bhavnacorp.com, Category: Suggestion
[2025-09-03 07:52:16 UTC] [INFO] Feedback updated successfully - ID: 1, Email: Deepankar@bhavnacorp.com
[2025-09-03 07:53:59 UTC] [INFO] User logged out: Deepankar@bhavnacorp.com
[2025-09-03 07:54:03 UTC] [INFO] User logged in successfully: admin@example.com (Admin)
[2025-09-03 07:54:03 UTC] [ERROR] Error during login :: Exception: Thread was being aborted. :: Stack Trace:    at System.Threading.Thread.AbortInternal()
   at System.Threading.Thread.Abort(Object stateInfo)
   at System.Web.HttpResponse.AbortCurrentThread()
   at System.Web.HttpResponse.Redirect(String url, Boolean endResponse, Boolean permanent)
   at FeedbackFormWebApp.Login.btnLogin_Click(Object sender, EventArgs e) in D:\Programming\Webform\FeedbackFormWebApp\FeedbackFormWebApp\Login.aspx.cs:line 44
[2025-09-03 07:54:58 UTC] [INFO] Feedback submitted successfully - Email: admin@example.com, Category: Other
[2025-09-03 07:54:58 UTC] [INFO] Feedback submitted - Name: Admin, Email: admin@example.com, Category: Other
[2025-09-03 07:55:57 UTC] [INFO] Feedback submitted successfully - Email: admin@example.com, Category: Bug
[2025-09-03 07:55:57 UTC] [INFO] Feedback submitted - Name: Admin, Email: admin@example.com, Category: Bug
[2025-09-03 07:56:11 UTC] [INFO] Feedback updated successfully - ID: 1, Email: Deepankar@bhavnacorp.com
[2025-09-03 07:57:06 UTC] [INFO] User logged out: admin@example.com
[2025-09-03 07:57:10 UTC] [INFO] User logged in successfully: Deepankar@bhavnacorp.com (User)
[2025-09-03 07:57:10 UTC] [ERROR] Error during login :: Exception: Thread was being aborted. :: Stack Trace:    at System.Threading.Thread.AbortInternal()
   at System.Threading.Thread.Abort(Object stateInfo)
   at System.Web.HttpResponse.AbortCurrentThread()
   at System.Web.HttpResponse.Redirect(String url, Boolean endResponse, Boolean permanent)
   at FeedbackFormWebApp.Login.btnLogin_Click(Object sender, EventArgs e) in D:\Programming\Webform\FeedbackFormWebApp\FeedbackFormWebApp\Login.aspx.cs:line 48
[2025-09-03 07:57:33 UTC] [INFO] Feedback updated successfully - ID: 1, Email: Deepankar@bhavnacorp.com
[2025-09-03 08:51:30 UTC] [INFO] User logged in successfully: Deepankar@bhavnacorp.com (User)
[2025-09-03 08:51:31 UTC] [ERROR] Error during login :: Exception: Thread was being aborted. :: Stack Trace:    at System.Threading.Thread.AbortInternal()
   at System.Threading.Thread.Abort(Object stateInfo)
   at System.Web.HttpResponse.AbortCurrentThread()
   at System.Web.HttpResponse.Redirect(String url, Boolean endResponse, Boolean permanent)
   at FeedbackFormWebApp.Login.btnLogin_Click(Object sender, EventArgs e) in D:\Programming\Webform\FeedbackFormWebApp\FeedbackFormWebApp\Login.aspx.cs:line 48
[2025-09-03 08:51:40 UTC] [INFO] User logged out: Deepankar@bhavnacorp.com
[2025-09-03 08:51:43 UTC] [INFO] User logged in successfully: admin@example.com (Admin)
[2025-09-03 08:51:43 UTC] [ERROR] Error during login :: Exception: Thread was being aborted. :: Stack Trace:    at System.Threading.Thread.AbortInternal()
   at System.Threading.Thread.Abort(Object stateInfo)
   at System.Web.HttpResponse.AbortCurrentThread()
   at System.Web.HttpResponse.Redirect(String url, Boolean endResponse, Boolean permanent)
   at FeedbackFormWebApp.Login.btnLogin_Click(Object sender, EventArgs e) in D:\Programming\Webform\FeedbackFormWebApp\FeedbackFormWebApp\Login.aspx.cs:line 44
[2025-09-03 08:51:55 UTC] [INFO] User logged out: admin@example.com
[2025-09-03 10:24:43 UTC] [INFO] User logged in successfully: Deepankar@bhavnacorp.com (User)
[2025-09-03 10:24:43 UTC] [ERROR] Error during login :: Exception: Thread was being aborted. :: Stack Trace:    at System.Threading.Thread.AbortInternal()
   at System.Threading.Thread.Abort(Object stateInfo)
   at System.Web.HttpResponse.AbortCurrentThread()
   at System.Web.HttpResponse.Redirect(String url, Boolean endResponse, Boolean permanent)
   at FeedbackFormWebApp.Login.btnLogin_Click(Object sender, EventArgs e) in D:\Programming\Webform\FeedbackFormWebApp\FeedbackFormWebApp\Login.aspx.cs:line 48
[2025-09-03 10:24:53 UTC] [INFO] User logged out: Deepankar@bhavnacorp.com
[2025-09-03 10:25:22 UTC] [INFO] New user registered: ronaldo@gmail.com (User)
[2025-09-03 10:25:22 UTC] [ERROR] Error during user registration :: Exception: Thread was being aborted. :: Stack Trace:    at System.Threading.Thread.AbortInternal()
   at System.Threading.Thread.Abort(Object stateInfo)
   at System.Web.HttpResponse.AbortCurrentThread()
   at System.Web.HttpResponse.Redirect(String url, Boolean endResponse, Boolean permanent)
   at FeedbackFormWebApp.Register.btnRegister_Click(Object sender, EventArgs e) in D:\Programming\Webform\FeedbackFormWebApp\FeedbackFormWebApp\Register.aspx.cs:line 65
[2025-09-03 10:25:34 UTC] [INFO] User logged out: ronaldo@gmail.com
[2025-09-03 10:25:38 UTC] [INFO] User logged in successfully: admin@example.com (Admin)
[2025-09-03 10:25:39 UTC] [ERROR] Error during login :: Exception: Thread was being aborted. :: Stack Trace:    at System.Threading.Thread.AbortInternal()
   at System.Threading.Thread.Abort(Object stateInfo)
   at System.Web.HttpResponse.AbortCurrentThread()
   at System.Web.HttpResponse.Redirect(String url, Boolean endResponse, Boolean permanent)
   at FeedbackFormWebApp.Login.btnLogin_Click(Object sender, EventArgs e) in D:\Programming\Webform\FeedbackFormWebApp\FeedbackFormWebApp\Login.aspx.cs:line 44
[2025-09-03 10:25:51 UTC] [INFO] User logged out: admin@example.com
[2025-09-03 10:25:57 UTC] [INFO] User logged in successfully: Deepankar@bhavnacorp.com (User)
[2025-09-03 10:25:57 UTC] [ERROR] Error during login :: Exception: Thread was being aborted. :: Stack Trace:    at System.Threading.Thread.AbortInternal()
   at System.Threading.Thread.Abort(Object stateInfo)
   at System.Web.HttpResponse.AbortCurrentThread()
   at System.Web.HttpResponse.Redirect(String url, Boolean endResponse, Boolean permanent)
   at FeedbackFormWebApp.Login.btnLogin_Click(Object sender, EventArgs e) in D:\Programming\Webform\FeedbackFormWebApp\FeedbackFormWebApp\Login.aspx.cs:line 48
[2025-09-03 10:45:50 UTC] [INFO] Feedback submitted successfully - Email: Deepankar@bhavnacorp.com, Category: Complaint
[2025-09-03 10:45:50 UTC] [INFO] Feedback submitted - Name: Deepankar, Email: Deepankar@bhavnacorp.com, Category: Complaint
[2025-09-03 10:46:11 UTC] [INFO] Feedback updated successfully - ID: 7, Email: Deepankar@bhavnacorp.com
[2025-09-03 10:47:37 UTC] [INFO] Feedback updated successfully - ID: 7, Email: Deepankar@bhavnacorp.com
[2025-09-03 11:05:45 UTC] [INFO] User logged in successfully: Deepankar@bhavnacorp.com (User)
[2025-09-03 11:05:45 UTC] [ERROR] Error during login :: Exception: Thread was being aborted. :: Stack Trace:    at System.Threading.Thread.AbortInternal()
   at System.Threading.Thread.Abort(Object stateInfo)
   at System.Web.HttpResponse.AbortCurrentThread()
   at System.Web.HttpResponse.Redirect(String url, Boolean endResponse, Boolean permanent)
   at FeedbackFormWebApp.Login.btnLogin_Click(Object sender, EventArgs e) in D:\Programming\Webform\FeedbackFormWebApp\FeedbackFormWebApp\Login.aspx.cs:line 48
[2025-09-03 11:05:57 UTC] [INFO] Feedback updated successfully - ID: 7, Email: Deepankar@bhavnacorp.com
[2025-09-03 11:20:55 UTC] [INFO] User logged in successfully: Deepankar@bhavnacorp.com (User)
[2025-09-03 11:20:55 UTC] [ERROR] Error during login :: Exception: Thread was being aborted. :: Stack Trace:    at System.Threading.Thread.AbortInternal()
   at System.Threading.Thread.Abort(Object stateInfo)
   at System.Web.HttpResponse.AbortCurrentThread()
   at System.Web.HttpResponse.Redirect(String url, Boolean endResponse, Boolean permanent)
   at FeedbackFormWebApp.Login.btnLogin_Click(Object sender, EventArgs e) in D:\Programming\Webform\FeedbackFormWebApp\FeedbackFormWebApp\Login.aspx.cs:line 48
[2025-09-03 11:21:13 UTC] [INFO] Feedback updated successfully - ID: 7, Email: Deepankar@bhavnacorp.com
[2025-09-04 06:02:47 UTC] [INFO] User logged in successfully: Deepankar@bhavnacorp.com (User)
[2025-09-04 06:02:47 UTC] [ERROR] Error during login :: Exception: Thread was being aborted. :: Stack Trace:    at System.Threading.Thread.AbortInternal()
   at System.Threading.Thread.Abort(Object stateInfo)
   at System.Web.HttpResponse.AbortCurrentThread()
   at System.Web.HttpResponse.Redirect(String url, Boolean endResponse, Boolean permanent)
   at FeedbackFormWebApp.Login.btnLogin_Click(Object sender, EventArgs e) in D:\Programming\Webform\FeedbackFormWebApp\FeedbackFormWebApp\Login.aspx.cs:line 48
